---
source: model/src/implicit_model/mod.rs
expression: "serde_json::to_string_pretty(&value).unwrap()"

---
"{\n  \"version\": \"v1\",\n  \"entities\": [\n    {\n      \"type\": \"databaseTable\",\n      \"name\": \"person\",\n      \"sql_schema_name\": \"public\",\n      \"sql_table_name\": \"person_table\",\n      \"graphql_entity_type_name\": \"Person\",\n      \"graphql_filter_type_name\": \"PersonWhereFilter\",\n      \"graphql_get_single_operation_name\": null,\n      \"graphql_get_list_operation_name\": null,\n      \"graphql_get_connection_operation_name\": \"personConnection\",\n      \"graphql_default_order_by\": \"id_ASC\",\n      \"graphql_default_first\": 10,\n      \"graphql_default_offset\": 0,\n      \"fields\": [\n        {\n          \"type\": \"scalarDatabaseColumn\",\n          \"name\": \"id\",\n          \"nullable\": false,\n          \"sql_type\": \"text\",\n          \"sql_column_name\": \"id_col\",\n          \"graphql_field_name\": \"id\",\n          \"graphql_type_name\": \"String\",\n          \"graphql_order_by_asc\": null,\n          \"graphql_order_by_desc\": null\n        },\n        {\n          \"type\": \"scalarDatabaseColumn\",\n          \"name\": \"drone\",\n          \"nullable\": false,\n          \"sql_type\": \"text\",\n          \"sql_column_name\": \"drone_col\",\n          \"graphql_field_name\": \"drone\",\n          \"graphql_type_name\": \"String\",\n          \"graphql_order_by_asc\": \"drone_ASC\",\n          \"graphql_order_by_desc\": \"drone_DESC\"\n        }\n      ]\n    }\n  ]\n}"
