---
source: model/src/model_cache/entity_cache.rs
expression: "serde_json::to_string_pretty(&EntityCache::new(Rc::clone(&value))).unwrap()"

---
"{\n  \"type\": \"databaseTable\",\n  \"entity\": {\n    \"type\": \"databaseTable\",\n    \"name\": \"person\",\n    \"sqlSchemaName\": \"public\",\n    \"sqlTableName\": \"person_table\",\n    \"graphqlEntityTypeName\": \"Person\",\n    \"graphqlFilterTypeName\": \"PersonWhereFilter\",\n    \"graphqlGetSingleOperationName\": \"person\",\n    \"graphqlGetListOperationName\": \"persons\",\n    \"graphqlGetConnectionOperationName\": \"personConnection\",\n    \"graphqlDefaultOrderBy\": \"id_ASC\",\n    \"graphqlDefaultFirst\": 10,\n    \"graphqlDefaultOffset\": 0,\n    \"fields\": [\n      {\n        \"type\": \"scalarDatabaseColumn\",\n        \"name\": \"id\",\n        \"sqlType\": \"text\",\n        \"sqlColumnName\": \"id_col\",\n        \"graphqlFieldName\": \"id\",\n        \"graphqlTypeName\": \"String\",\n        \"graphqlOrderByAsc\": \"id_ASC\",\n        \"graphqlOrderByDesc\": \"id_DESC\"\n      },\n      {\n        \"type\": \"scalarDatabaseColumn\",\n        \"name\": \"drone\",\n        \"sqlType\": \"text\",\n        \"sqlColumnName\": \"drone_col\",\n        \"graphqlFieldName\": \"drone\",\n        \"graphqlTypeName\": \"String\",\n        \"graphqlOrderByAsc\": \"drone_ASC\",\n        \"graphqlOrderByDesc\": \"drone_DESC\"\n      }\n    ]\n  },\n  \"fieldsBySqlColumnName\": {\n    \"id_col\": {\n      \"type\": \"scalarDatabaseColumn\",\n      \"field\": {\n        \"type\": \"scalarDatabaseColumn\",\n        \"name\": \"id\",\n        \"sqlType\": \"text\",\n        \"sqlColumnName\": \"id_col\",\n        \"graphqlFieldName\": \"id\",\n        \"graphqlTypeName\": \"String\",\n        \"graphqlOrderByAsc\": \"id_ASC\",\n        \"graphqlOrderByDesc\": \"id_DESC\"\n      }\n    },\n    \"drone_col\": {\n      \"type\": \"scalarDatabaseColumn\",\n      \"field\": {\n        \"type\": \"scalarDatabaseColumn\",\n        \"name\": \"drone\",\n        \"sqlType\": \"text\",\n        \"sqlColumnName\": \"drone_col\",\n        \"graphqlFieldName\": \"drone\",\n        \"graphqlTypeName\": \"String\",\n        \"graphqlOrderByAsc\": \"drone_ASC\",\n        \"graphqlOrderByDesc\": \"drone_DESC\"\n      }\n    }\n  },\n  \"fieldsByGraphqlFieldName\": {\n    \"drone\": {\n      \"type\": \"scalarDatabaseColumn\",\n      \"field\": {\n        \"type\": \"scalarDatabaseColumn\",\n        \"name\": \"drone\",\n        \"sqlType\": \"text\",\n        \"sqlColumnName\": \"drone_col\",\n        \"graphqlFieldName\": \"drone\",\n        \"graphqlTypeName\": \"String\",\n        \"graphqlOrderByAsc\": \"drone_ASC\",\n        \"graphqlOrderByDesc\": \"drone_DESC\"\n      }\n    },\n    \"id\": {\n      \"type\": \"scalarDatabaseColumn\",\n      \"field\": {\n        \"type\": \"scalarDatabaseColumn\",\n        \"name\": \"id\",\n        \"sqlType\": \"text\",\n        \"sqlColumnName\": \"id_col\",\n        \"graphqlFieldName\": \"id\",\n        \"graphqlTypeName\": \"String\",\n        \"graphqlOrderByAsc\": \"id_ASC\",\n        \"graphqlOrderByDesc\": \"id_DESC\"\n      }\n    }\n  }\n}"
