---
source: model/src/model.rs
expression: "serde_json::to_string_pretty(&value).unwrap()"

---
"{\n  \"version\": \"v1\",\n  \"entities\": [\n    {\n      \"type\": \"databaseTable\",\n      \"name\": \"person\",\n      \"sqlSchemaName\": \"public\",\n      \"sqlTableName\": \"person_table\",\n      \"graphqlEntityTypeName\": \"Person\",\n      \"graphqlFilterTypeName\": \"PersonWhereFilter\",\n      \"graphqlGetSingleOperationName\": \"person\",\n      \"graphqlGetListOperationName\": \"persons\",\n      \"graphqlGetConnectionOperationName\": \"personConnection\",\n      \"graphqlDefaultOrderBy\": \"id_ASC\",\n      \"graphqlDefaultFirst\": 10,\n      \"graphqlDefaultOffset\": 0,\n      \"fields\": [\n        {\n          \"type\": \"scalarDatabaseColumn\",\n          \"name\": \"id\",\n          \"sqlType\": \"text\",\n          \"sqlColumnName\": \"id_col\",\n          \"graphqlFieldName\": \"id\",\n          \"graphqlTypeName\": \"String\",\n          \"graphqlOrderByAsc\": \"id_ASC\",\n          \"graphqlOrderByDesc\": \"id_DESC\"\n        },\n        {\n          \"type\": \"scalarDatabaseColumn\",\n          \"name\": \"drone\",\n          \"sqlType\": \"text\",\n          \"sqlColumnName\": \"drone_col\",\n          \"graphqlFieldName\": \"drone\",\n          \"graphqlTypeName\": \"String\",\n          \"graphqlOrderByAsc\": \"drone_ASC\",\n          \"graphqlOrderByDesc\": \"drone_DESC\"\n        }\n      ]\n    }\n  ]\n}"
