---
source: graphql-schema/src/generate_schema/mod.rs
expression: "format!(\"{}\", convert_model :: convert_model(& value).unwrap())"

---
type Person implements Node {
  id: String!
  drone: String!
}

type Query {
  person: Person
  persons: [Person!]!
  personConnection: [Person!]!
}

