---
source: model/src/explicit_model/json_schema.rs
expression: "serde_json::to_string_pretty(&schema).unwrap()"

---
"{\n  \"$schema\": \"http://json-schema.org/draft-07/schema#\",\n  \"title\": \"ExplicitModel\",\n  \"oneOf\": [\n    {\n      \"type\": \"object\",\n      \"required\": [\n        \"entities\",\n        \"version\"\n      ],\n      \"properties\": {\n        \"entities\": {\n          \"type\": \"array\",\n          \"items\": {\n            \"$ref\": \"#/definitions/ExplicitEntity\"\n          }\n        },\n        \"version\": {\n          \"type\": \"string\",\n          \"enum\": [\n            \"v1\"\n          ]\n        }\n      }\n    }\n  ],\n  \"definitions\": {\n    \"ExplicitEntity\": {\n      \"oneOf\": [\n        {\n          \"type\": \"object\",\n          \"required\": [\n            \"fields\",\n            \"graphqlDefaultFirst\",\n            \"graphqlDefaultOffset\",\n            \"graphqlDefaultOrderBy\",\n            \"graphqlEntityTypeName\",\n            \"graphqlFilterTypeName\",\n            \"graphqlGetConnectionOperationName\",\n            \"graphqlGetListOperationName\",\n            \"graphqlGetSingleOperationName\",\n            \"name\",\n            \"sqlSchemaName\",\n            \"sqlTableName\",\n            \"type\"\n          ],\n          \"properties\": {\n            \"fields\": {\n              \"type\": \"array\",\n              \"items\": {\n                \"$ref\": \"#/definitions/ExplicitField\"\n              }\n            },\n            \"graphqlDefaultFirst\": {\n              \"type\": \"integer\",\n              \"format\": \"int16\"\n            },\n            \"graphqlDefaultOffset\": {\n              \"type\": \"integer\",\n              \"format\": \"int16\"\n            },\n            \"graphqlDefaultOrderBy\": {\n              \"type\": \"string\"\n            },\n            \"graphqlEntityTypeName\": {\n              \"type\": \"string\"\n            },\n            \"graphqlFilterTypeName\": {\n              \"type\": \"string\"\n            },\n            \"graphqlGetConnectionOperationName\": {\n              \"type\": \"string\"\n            },\n            \"graphqlGetListOperationName\": {\n              \"type\": \"string\"\n            },\n            \"graphqlGetSingleOperationName\": {\n              \"type\": \"string\"\n            },\n            \"name\": {\n              \"type\": \"string\"\n            },\n            \"sqlSchemaName\": {\n              \"type\": \"string\"\n            },\n            \"sqlTableName\": {\n              \"type\": \"string\"\n            },\n            \"type\": {\n              \"type\": \"string\",\n              \"enum\": [\n                \"databaseTable\"\n              ]\n            }\n          }\n        }\n      ]\n    },\n    \"ExplicitField\": {\n      \"oneOf\": [\n        {\n          \"type\": \"object\",\n          \"required\": [\n            \"graphqlEnabled\",\n            \"graphqlFieldName\",\n            \"graphqlOrderByAsc\",\n            \"graphqlOrderByDesc\",\n            \"graphqlTypeName\",\n            \"name\",\n            \"nullable\",\n            \"sqlColumnName\",\n            \"sqlType\",\n            \"type\"\n          ],\n          \"properties\": {\n            \"graphqlEnabled\": {\n              \"type\": \"boolean\"\n            },\n            \"graphqlFieldName\": {\n              \"type\": \"string\"\n            },\n            \"graphqlOrderByAsc\": {\n              \"type\": \"string\"\n            },\n            \"graphqlOrderByDesc\": {\n              \"type\": \"string\"\n            },\n            \"graphqlTypeName\": {\n              \"type\": \"string\"\n            },\n            \"name\": {\n              \"type\": \"string\"\n            },\n            \"nullable\": {\n              \"type\": \"boolean\"\n            },\n            \"sqlColumnName\": {\n              \"type\": \"string\"\n            },\n            \"sqlType\": {\n              \"$ref\": \"#/definitions/Type\"\n            },\n            \"type\": {\n              \"type\": \"string\",\n              \"enum\": [\n                \"scalarDatabaseColumn\"\n              ]\n            }\n          }\n        }\n      ]\n    },\n    \"Type\": {\n      \"oneOf\": [\n        {\n          \"type\": \"string\",\n          \"enum\": [\n            \"bool\",\n            \"bytea\",\n            \"char\",\n            \"name\",\n            \"int8\",\n            \"int2\",\n            \"int2Vector\",\n            \"int4\",\n            \"regproc\",\n            \"text\",\n            \"oid\",\n            \"tid\",\n            \"xid\",\n            \"cid\",\n            \"oidVector\",\n            \"pgDdlCommand\",\n            \"json\",\n            \"xml\",\n            \"xmlArray\",\n            \"pgNodeTree\",\n            \"jsonArray\",\n            \"tableAmHandler\",\n            \"xid8Array\",\n            \"indexAmHandler\",\n            \"point\",\n            \"lseg\",\n            \"path\",\n            \"box\",\n            \"polygon\",\n            \"line\",\n            \"lineArray\",\n            \"cidr\",\n            \"cidrArray\",\n            \"float4\",\n            \"float8\",\n            \"unknown\",\n            \"circle\",\n            \"circleArray\",\n            \"macaddr8\",\n            \"macaddr8Array\",\n            \"money\",\n            \"moneyArray\",\n            \"macaddr\",\n            \"inet\",\n            \"boolArray\",\n            \"byteaArray\",\n            \"charArray\",\n            \"nameArray\",\n            \"int2Array\",\n            \"int2VectorArray\",\n            \"int4Array\",\n            \"regprocArray\",\n            \"textArray\",\n            \"tidArray\",\n            \"xidArray\",\n            \"cidArray\",\n            \"oidVectorArray\",\n            \"bpcharArray\",\n            \"varcharArray\",\n            \"int8Array\",\n            \"pointArray\",\n            \"lsegArray\",\n            \"pathArray\",\n            \"boxArray\",\n            \"float4Array\",\n            \"float8Array\",\n            \"polygonArray\",\n            \"oidArray\",\n            \"aclitem\",\n            \"aclitemArray\",\n            \"macaddrArray\",\n            \"inetArray\",\n            \"bpchar\",\n            \"varchar\",\n            \"date\",\n            \"time\",\n            \"timestamp\",\n            \"timestampArray\",\n            \"dateArray\",\n            \"timeArray\",\n            \"timestamptz\",\n            \"timestamptzArray\",\n            \"interval\",\n            \"intervalArray\",\n            \"numericArray\",\n            \"cstringArray\",\n            \"timetz\",\n            \"timetzArray\",\n            \"bit\",\n            \"bitArray\",\n            \"varbit\",\n            \"varbitArray\",\n            \"numeric\",\n            \"refcursor\",\n            \"refcursorArray\",\n            \"regprocedure\",\n            \"regoper\",\n            \"regoperator\",\n            \"regclass\",\n            \"regtype\",\n            \"regprocedureArray\",\n            \"regoperArray\",\n            \"regoperatorArray\",\n            \"regclassArray\",\n            \"regtypeArray\",\n            \"record\",\n            \"cstring\",\n            \"any\",\n            \"anyarray\",\n            \"void\",\n            \"trigger\",\n            \"languageHandler\",\n            \"internal\",\n            \"anyelement\",\n            \"recordArray\",\n            \"anynonarray\",\n            \"txidSnapshotArray\",\n            \"uuid\",\n            \"uuidArray\",\n            \"txidSnapshot\",\n            \"fdwHandler\",\n            \"pgLsn\",\n            \"pgLsnArray\",\n            \"tsmHandler\",\n            \"pgNdistinct\",\n            \"pgDependencies\",\n            \"anyenum\",\n            \"tsVector\",\n            \"tsquery\",\n            \"gtsVector\",\n            \"tsVectorArray\",\n            \"gtsVectorArray\",\n            \"tsqueryArray\",\n            \"regconfig\",\n            \"regconfigArray\",\n            \"regdictionary\",\n            \"regdictionaryArray\",\n            \"jsonb\",\n            \"jsonbArray\",\n            \"anyRange\",\n            \"eventTrigger\",\n            \"int4Range\",\n            \"int4RangeArray\",\n            \"numRange\",\n            \"numRangeArray\",\n            \"tsRange\",\n            \"tsRangeArray\",\n            \"tstzRange\",\n            \"tstzRangeArray\",\n            \"dateRange\",\n            \"dateRangeArray\",\n            \"int8Range\",\n            \"int8RangeArray\",\n            \"jsonpath\",\n            \"jsonpathArray\",\n            \"regnamespace\",\n            \"regnamespaceArray\",\n            \"regrole\",\n            \"regroleArray\",\n            \"regcollation\",\n            \"regcollationArray\",\n            \"pgMcvList\",\n            \"pgSnapshot\",\n            \"pgSnapshotArray\",\n            \"xid8\",\n            \"anycompatible\",\n            \"anycompatiblearray\",\n            \"anycompatiblenonarray\",\n            \"anycompatibleRange\"\n          ]\n        },\n        {\n          \"type\": \"object\",\n          \"required\": [\n            \"other\"\n          ],\n          \"properties\": {\n            \"other\": {\n              \"type\": \"string\"\n            }\n          },\n          \"additionalProperties\": false\n        }\n      ]\n    }\n  }\n}"
